// Vitest Snapshot v1

exports[`test1 > get 1`] = `"/list"`;
